// Jest Snapshot v1, https://goo.gl/fbAQLP

exports[`AppText renders correctly 1`] = `
<View
  style={
    [
      {
        "backgroundColor": "#f8f4f4",
        "height": 1,
        "width": "100%",
      },
      undefined,
    ]
  }
/>
`;
