// Jest Snapshot v1, https://goo.gl/fbAQLP

exports[`NewListingButton render correctly 1`] = `
<View
  accessibilityState={
    {
      "busy": undefined,
      "checked": undefined,
      "disabled": undefined,
      "expanded": undefined,
      "selected": undefined,
    }
  }
  accessibilityValue={
    {
      "max": undefined,
      "min": undefined,
      "now": undefined,
      "text": undefined,
    }
  }
  accessible={true}
  collapsable={false}
  focusable={true}
  onClick={[Function]}
  onResponderGrant={[Function]}
  onResponderMove={[Function]}
  onResponderRelease={[Function]}
  onResponderTerminate={[Function]}
  onResponderTerminationRequest={[Function]}
  onStartShouldSetResponder={[Function]}
  style={
    {
      "opacity": 1,
    }
  }
  testID="newListingButton"
>
  <View
    style={
      {
        "alignItems": "center",
        "backgroundColor": "#fc5c65",
        "borderColor": "#fff",
        "borderRadius": 40,
        "borderWidth": 10,
        "bottom": 20,
        "height": 70,
        "justifyContent": "center",
        "width": 70,
      }
    }
  >
    <Text />
  </View>
</View>
`;
